2025-12-31 14:41:17,769 - __main__ - INFO - Логирование инициализировано. Файл логов: logs/snmp_checker_20251231_144117.log
2025-12-31 14:41:17,770 - __main__ - INFO - ============================================================
2025-12-31 14:41:17,770 - __main__ - INFO - SNMP Checker запускается...
2025-12-31 14:41:17,770 - __main__ - INFO - Порт: 8080
2025-12-31 14:41:17,770 - __main__ - INFO - V3 Default Username: Mr_PRTG2
2025-12-31 14:41:17,770 - __main__ - INFO - ============================================================
2025-12-31 14:41:18,002 - flet - INFO - Assets path configured: C:\Repo\Flet\snmp\assets
2025-12-31 14:41:18,227 - flet - INFO - Starting Flet web server on port 8080...
2025-12-31 14:41:18,228 - flet_web.fastapi - INFO - Web renderer configured: WebRenderer.AUTO
2025-12-31 14:41:18,228 - flet_web.fastapi - INFO - Route URL strategy configured: RouteUrlStrategy.PATH
2025-12-31 14:41:18,228 - flet_web.fastapi - INFO - No CDN configured: False
2025-12-31 14:41:18,229 - flet - INFO - Flet app has started...
2025-12-31 14:41:18,245 - flet_web.fastapi - INFO - Starting up Flet App Manager
2025-12-31 14:41:18,246 - flet - INFO - App URL: http://127.0.0.1:8080
2025-12-31 14:41:18,484 - flet_web.fastapi - INFO - Temp dir created for patched index and manifest: C:\Users\Trofimov\AppData\Local\Temp\tmpy_4bakr7
2025-12-31 14:41:18,485 - flet_web.fastapi - INFO - Web root: C:\Users\Trofimov\AppData\Local\Programs\Python\Python314\Lib\site-packages\flet_web\web
2025-12-31 14:41:18,485 - flet_web.fastapi - INFO - assets_dir does not exist: C:\Repo\Flet\snmp\assets
2025-12-31 14:41:18,485 - flet_web.fastapi - INFO - Assets dir: None
2025-12-31 14:41:18,644 - flet_web.fastapi - INFO - New FletApp: 3qRWtBMr
2025-12-31 14:41:18,657 - flet_web.fastapi - INFO - New session created (1 total): _P9QOucszfY7NWhfl_60dce29cde85fd80e62d35e4be7e993918eb9c07
2025-12-31 14:41:18,659 - flet_web.fastapi - INFO - Start session: P9QOucszfY7NWhfl
2025-12-31 14:41:18,660 - app - INFO - Страница инициализирована: None
2025-12-31 14:41:18,660 - app - INFO - URL страницы: ws://127.0.0.1:8080
2025-12-31 14:41:18,661 - components - INFO - Создание контейнера параметров SNMP v3
2025-12-31 14:41:18,662 - components - INFO - Создание контейнера OID карточек (4 карточек)
2025-12-31 14:41:18,677 - app - INFO - UI построен
2025-12-31 14:41:18,677 - app - INFO - Приложение SNMPChecker инициализировано
2025-12-31 14:41:18,677 - app - INFO - Текущий режим: v2c
2025-12-31 14:41:18,727 - flet_web.fastapi - INFO - New FletApp: ONaVclWW
2025-12-31 14:41:18,739 - flet_web.fastapi - INFO - New session created (2 total): _oL0ycfDpxVBowU6b_60dce29cde85fd80e62d35e4be7e993918eb9c07
2025-12-31 14:41:18,741 - flet_web.fastapi - INFO - Start session: oL0ycfDpxVBowU6b
2025-12-31 14:41:18,741 - app - INFO - Страница инициализирована: None
2025-12-31 14:41:18,741 - app - INFO - URL страницы: ws://127.0.0.1:8080
2025-12-31 14:41:18,742 - components - INFO - Создание контейнера параметров SNMP v3
2025-12-31 14:41:18,743 - components - INFO - Создание контейнера OID карточек (4 карточек)
2025-12-31 14:41:18,761 - app - INFO - UI построен
2025-12-31 14:41:18,761 - app - INFO - Приложение SNMPChecker инициализировано
2025-12-31 14:41:18,761 - app - INFO - Текущий режим: v2c
2025-12-31 14:41:45,888 - app - INFO - Переключен режим на SNMP v3 Default: Mr_PRTG2
2025-12-31 14:41:47,626 - app - INFO - Использован общий OID: 1.3.6.1.2.1.1.1.0
2025-12-31 14:42:18,100 - flet_web.fastapi - INFO - Session disconnected: _oL0ycfDpxVBowU6b_60dce29cde85fd80e62d35e4be7e993918eb9c07
2025-12-31 14:42:18,100 - flet_web.fastapi - INFO - Disposing FletApp: ONaVclWW
2025-12-31 14:42:18,101 - flet_web.fastapi - INFO - Session disconnected: _P9QOucszfY7NWhfl_60dce29cde85fd80e62d35e4be7e993918eb9c07
2025-12-31 14:42:18,101 - flet_web.fastapi - INFO - Disposing FletApp: 3qRWtBMr
2025-12-31 14:42:18,208 - flet_web.fastapi - INFO - Shutting down Flet App Manager
2025-12-31 14:42:18,208 - flet_web.fastapi - INFO - Deleting temp dir: C:\Users\Trofimov\AppData\Local\Temp\tmpy_4bakr7
2025-12-31 14:42:18,210 - flet_web.fastapi - INFO - Closing Flet web server...
2025-12-31 14:42:18,330 - __main__ - INFO - Приложение успешно завершено
